
> eset-creatives-website@1.0.0 build
> vite build

[36mvite v5.4.21 [32mbuilding for production...[36m[39m
[32mΓ£ô[39m 0 modules transformed.
node.exe : 
[31mx[39m Build 
failed in 28ms
At line:1 char:1
+ & "C:\Program Files
\nodejs/node.exe" 
"C:\Program 
Files\nodejs/node_mo 
...
+ ~~~~~~~~~~~~~~~~~~~
~~~~~~~~~~~~~~~~~~~~~
~~~~~~~~~~~~~~~~~~~~~
~~~~~~~~
    + CategoryInfo   
           : NotSpe  
  cified: ([31mx   
 [39m Build faile    
d in 28ms:String    
) [], RemoteExce    
ption
    + FullyQualified 
   ErrorId : Native  
  CommandError
 
[31merror during 
build:
[31mCould not 
resolve entry module 
"index.html".[31m
    at 
getRollupError (file:
///C:/Projects/EsetCr
eativesWebsite/node_m
odules/rollup/dist/es
/shared/parseAst.js:4
02:41)
    at error (file://
/C:/Projects/EsetCrea
tivesWebsite/node_mod
ules/rollup/dist/es/s
hared/parseAst.js:398
:42)
    at ModuleLoader.l
oadEntryModule (file:
///C:/Projects/EsetCr
eativesWebsite/node_m
odules/rollup/dist/es
/shared/node-entry.js
:21731:20)
    at async 
Promise.all (index 
0)[39m
